ok - clear-stale: removes escalations buffer, sidecar, and wedge marker
ok - clear-stale: leaves the durable wake-queue intact (no pending work dropped)
ok - launcher paths: relative home and state ignore CDPATH before daemon command construction
ok - launcher paths: absolute symlink spellings are preserved
ok - launcher paths: unresolved relative FM_HOME fails loudly
ok - launcher paths: unresolved relative FM_STATE_OVERRIDE fails loudly
ok - refresh: daemon already alive - stale artifacts preserved (current session's buffer kept)
ok - stop-ordering: daemon SIGTERM'd while .afk still present (flush is not a no-op)
ok - stop-ordering: .afk cleared last
ok - stop-ordering: daemon-terminal record removed
ok - stop identity: stale lock cannot signal an unrelated live process
ok - failed start: away flag and delivery artifacts roll back
skip: tmux not found (concurrent start)
ok - launcher lock: incomplete publication receives initialization grace
ok - launcher signal: TERM exits and releases the lifecycle lock
fm-afk-launch: daemon launched in non-visible herdr workspace ws-partial (pane lab:pane-exact), supervising lab:captain
ok - herdr create: malformed response recovers durable exact ownership
fm-afk-launch: herdr create failed after returning exact ids; closing lab:pane-exact
fm-afk-launch: recorded terminal teardown is unconfirmed; preserving exact id
ok - herdr create error: unconfirmed exact id is persisted for reconciliation
fm-afk-launch: failed to run daemon in herdr pane lab:pane-exact; closing it
fm-afk-launch: recorded terminal teardown is unconfirmed; preserving exact id
ok - herdr run failure: unconfirmed exact id remains reconcilable
fm-afk-launch: failed to persist daemon terminal record; closing tmux:exact-session
ok - record failure: newly created terminal is closed by exact id
fm-afk-launch: daemon did not become ready; closing tmux:exact-session
ok - readiness failure: exact terminal and durable record roll back
fm-afk-launch: daemon did not become ready; closing tmux:exact-session
fm-afk-launch: recorded terminal teardown is unconfirmed; preserving exact id
ok - readiness failure: unconfirmed terminal retains its reconciliation id
ok - tmux absence: clean missing differs from transport probe failure
ok - native lifecycle: launcher owns state with no terminal
ok - native lifecycle: uniform stop clears state without closing a terminal
ok - native entry: launcher-prepared lifecycle state is not rewritten
fm-afk-launch: reconciling leaked daemon terminal tmux:exact-session
fm-afk-launch: recorded terminal teardown is unconfirmed; preserving exact id
ok - teardown failure: exact terminal record is preserved
ok - record publication: failed atomic rename preserves the complete prior record
fm-afk-launch: daemon terminal record is malformed; refusing to act on it
ok - record read: malformed record fails closed without acting on a partial id
fm-afk-launch: daemon terminal record is malformed; refusing to act on it
fm-afk-launch: malformed daemon terminal record; refusing to stop away mode
ok - stop: malformed terminal record preserves away state and fails closed
fm-afk-launch: failed to create detached tmux daemon session 'fm-afk-daemon-392266019-75807-3441-1788098624'
ok - tmux launch: planned exact target is recorded before creation and removed on failure
fm-afk-launch: failed to create detached tmux daemon session 'fm-afk-daemon-2673689219-75953-4233-1788098624'
ok - tmux launch: unique names eliminate collision teardown
ok - stop validation: malformed record causes no daemon or state side effects
ok - launcher lock: incomplete metadata fails acquisition and releases lock
fm-afk-launch: failed to clear away-mode flag
fm-afk-launch: away mode stopped; terminal teardown remains recorded for retry
ok - stop state: away-flag removal failure is surfaced
fm-afk-launch: away-mode daemon did not exit after SIGTERM; preserving lifecycle state
ok - stop liveness: captured live daemon preserves lifecycle state after lock release
fm-afk-launch: daemon terminal record is malformed; refusing to act on it
fm-afk-launch: daemon terminal record is malformed; refusing to act on it
ok - refresh record: malformed terminal identity fails closed
fm-afk-launch: failed to clear stale away-mode artifacts
ok - clear failure: native entry aborts and restores prior state
fm-afk-launch: reconciling leaked daemon terminal tmux:exact-session
fm-afk-launch: terminal close command failed, but exact absence was confirmed
ok - confirmed absence: cleanup succeeds and removes the stale record
fm-afk-launch: rollback restoration incomplete; backup retained at /var/folders/pw/vjmgm22d2f18y4drp3lstzfm0000gn/T//fm-afk-restore-fail.sd7STo/state/.afk-launch-backup.Dm7g7L
ok - rollback restore: incomplete restoration retains its recovery backup
ok - flag failure: lifecycle aborts without active state
skip: herdr not found (herdr e2e)
skip: tmux not found (tmux e2e)
